// Vitest Snapshot v1, https://vitest.dev/guide/snapshot.html

exports[`stateless MCP protocol > keeps exact role catalogs and their serialized context sizes under review 1`] = `
{
  "combined": {
    "actions": [
      {
        "actions": [
          "get.events",
          "get.events.builder.catalog",
          "get.events.by-eventId",
          "get.events.by-eventId.published-projects",
          "get.events.participation",
          "get.events.slug.by-slug",
          "get.public.events",
          "get.public.events.by-slug",
          "get.public.events.by-slug.published-projects",
          "post.events.builder.analyze",
        ],
        "toolName": "events_read",
      },
      {
        "actions": [
          "patch.events.by-eventId",
          "post.events",
          "post.events.by-eventId.actions.complete",
          "post.events.by-eventId.actions.hide",
          "post.events.by-eventId.actions.open-registration",
          "post.events.by-eventId.actions.start-blind-review",
          "post.events.by-eventId.actions.unhide",
        ],
        "toolName": "events_upsert",
      },
      {
        "actions": [
          "get.account.events",
          "get.account.events.by-slug.certificates",
          "get.account.events.by-slug.entry",
          "get.account.events.by-slug.feedback",
          "get.account.events.by-slug.gallery",
          "get.account.events.by-slug.operations",
          "get.account.events.by-slug.participants",
          "get.account.events.by-slug.prizes",
          "get.account.events.by-slug.rosters",
          "get.account.events.by-slug.settings",
          "get.account.events.by-slug.submissions",
          "get.account.events.by-slug.teams",
          "get.account.events.by-slug.workspace",
          "get.account.overview",
          "get.account.staff-workspace",
          "get.events.by-eventId.admin.credits",
          "get.events.by-eventId.applications",
          "get.events.by-eventId.applications.me",
          "get.events.by-eventId.credits",
          "get.events.by-eventId.feedback",
          "get.events.by-eventId.no-submission-teams",
          "get.events.by-eventId.prize-redemptions",
          "get.events.by-eventId.prizes",
          "get.events.by-eventId.simplified-claiming",
          "get.events.by-eventId.submissions.summary",
          "get.events.by-eventId.talk-proposals",
          "get.events.by-eventId.talk-proposals.by-proposalId",
          "get.events.by-eventId.talk-proposals.me",
          "get.events.by-eventId.teams",
          "get.events.by-eventId.teams.by-teamId",
          "get.events.by-eventId.teams.by-teamId.join-requests",
          "get.events.by-eventId.teams.by-teamId.submission",
          "get.events.by-eventId.teams.submission-monitor",
          "get.events.slug.by-slug.simplified-claim",
          "get.prize-redemptions.me",
          "get.prize-redemptions.workspace",
          "get.public.events.by-slug.participants.by-userId.certificate",
          "get.public.events.by-slug.prizes",
        ],
        "toolName": "participation_read",
      },
      {
        "actions": [
          "delete.events.by-eventId.credits.by-creditId",
          "delete.events.by-eventId.prizes.by-prizeId",
          "patch.account",
          "patch.events.by-eventId.credits.by-creditId",
          "patch.events.by-eventId.prizes.by-prizeId",
          "patch.events.by-eventId.simplified-claiming.rewards.by-creditId",
          "patch.events.by-eventId.talk-proposals.me",
          "patch.events.by-eventId.teams.by-teamId",
          "patch.events.by-eventId.teams.by-teamId.join-policy",
          "patch.events.by-eventId.teams.by-teamId.submission",
          "patch.events.by-eventId.teams.by-teamId.submission.public-visibility",
          "post.events.by-eventId.actions.open-submission",
          "post.events.by-eventId.applications",
          "post.events.by-eventId.applications.actions.apply-staged-decisions",
          "post.events.by-eventId.applications.by-applicationId.actions.approve",
          "post.events.by-eventId.applications.by-applicationId.actions.override-check-in",
          "post.events.by-eventId.applications.by-applicationId.actions.reject",
          "post.events.by-eventId.applications.by-applicationId.actions.set-certificate-revocation",
          "post.events.by-eventId.applications.by-applicationId.actions.undo-withdrawal",
          "post.events.by-eventId.applications.by-applicationId.actions.withdraw",
          "post.events.by-eventId.applications.me.actions.select-track",
          "post.events.by-eventId.applications.me.actions.set-certificate-visibility",
          "post.events.by-eventId.applications.me.actions.verify-luma-email",
          "post.events.by-eventId.applications.me.actions.withdraw",
          "post.events.by-eventId.credits",
          "post.events.by-eventId.credits.by-creditId.actions.claim",
          "post.events.by-eventId.prizes",
          "post.events.by-eventId.talk-proposals.by-proposalId.actions.accept",
          "post.events.by-eventId.talk-proposals.by-proposalId.actions.reject",
          "post.events.by-eventId.talk-proposals.me",
          "post.events.by-eventId.talk-proposals.me.actions.revise",
          "post.events.by-eventId.talk-proposals.me.actions.submit",
          "post.events.by-eventId.talk-proposals.me.actions.withdraw",
          "post.events.by-eventId.team-join-requests",
          "post.events.by-eventId.team-join-requests.by-requestId.actions.approve",
          "post.events.by-eventId.team-join-requests.by-requestId.actions.cancel",
          "post.events.by-eventId.team-join-requests.by-requestId.actions.reject",
          "post.events.by-eventId.teams",
          "post.events.by-eventId.teams.by-teamId.actions.leave",
          "post.events.by-eventId.teams.by-teamId.members.by-userId.actions.make-admin",
          "post.events.by-eventId.teams.by-teamId.members.by-userId.actions.remove",
          "post.events.by-eventId.teams.by-teamId.submission",
          "post.events.by-eventId.teams.by-teamId.submission.actions.admin-withdraw",
          "post.events.by-eventId.teams.by-teamId.submission.actions.disqualify",
          "post.events.by-eventId.teams.by-teamId.submission.actions.submit",
          "post.events.by-eventId.teams.by-teamId.submission.actions.withdraw",
          "post.events.slug.by-slug.simplified-claim.actions.redeem",
          "post.prize-redemptions.by-redemptionId.actions.redeem",
        ],
        "toolName": "participation_upsert",
      },
      {
        "actions": [
          "get.account.events.by-slug.judging",
          "get.account.events.by-slug.judging.assignments.by-assignmentId",
          "get.account.judging",
          "get.events.by-eventId.evaluation-criteria",
          "get.events.by-eventId.final-deliberation",
          "get.events.by-eventId.judges",
          "get.events.by-eventId.judging.assignments",
          "get.events.by-eventId.judging.assignments.by-assignmentId",
          "get.events.by-eventId.judging.summary",
          "get.events.by-eventId.leaderboard",
          "get.events.by-eventId.rank.me",
          "get.events.by-eventId.shortlist",
          "get.events.by-eventId.winners",
          "get.public.events.by-slug.evaluation-criteria",
          "get.public.events.by-slug.winners",
        ],
        "toolName": "judging_read",
      },
      {
        "actions": [
          "delete.events.by-eventId.evaluation-criteria.by-criterionId",
          "patch.events.by-eventId.evaluation-criteria.by-criterionId",
          "patch.events.by-eventId.judging.assignments.by-assignmentId",
          "post.events.by-eventId.actions.advance-pitch-presentation",
          "post.events.by-eventId.actions.announce-winners",
          "post.events.by-eventId.actions.start-final-deliberation",
          "post.events.by-eventId.actions.start-judging-preparation",
          "post.events.by-eventId.actions.start-pitch",
          "post.events.by-eventId.actions.start-pitch-review",
          "post.events.by-eventId.actions.start-shortlist",
          "post.events.by-eventId.evaluation-criteria",
          "post.events.by-eventId.final-deliberation.actions.reorder",
          "post.events.by-eventId.judging.assignments.by-assignmentId.actions.complete",
          "post.events.by-eventId.judging.assignments.by-assignmentId.actions.force-skip",
          "post.events.by-eventId.judging.assignments.by-assignmentId.actions.mark-ineligible",
          "post.events.by-eventId.judging.assignments.by-assignmentId.actions.reassign",
          "post.events.by-eventId.judging.assignments.by-assignmentId.actions.revert-ineligibility",
          "post.events.by-eventId.judging.assignments.by-assignmentId.actions.skip",
          "post.events.by-eventId.judging.assignments.by-assignmentId.actions.start",
          "post.events.by-eventId.shortlist.actions.select-finalists",
        ],
        "toolName": "judging_upsert",
      },
      {
        "actions": [
          "get.events.by-eventId.audit",
          "get.events.by-eventId.photos",
          "get.events.by-eventId.roles",
          "get.events.by-eventId.roles.candidates",
          "get.events.by-eventId.staff",
          "get.events.by-eventId.terms.by-documentType.versions",
          "get.events.by-eventId.terms.current",
          "get.platform-documents.by-documentType.versions",
          "get.platform-documents.current",
          "get.platform-legal-settings.current",
          "get.platform-settings.current",
          "get.public.events.by-slug.photos",
        ],
        "toolName": "administration_read",
      },
      {
        "actions": [
          "delete.events.by-eventId.photos.by-photoId",
          "delete.events.by-eventId.roles.by-userId",
          "patch.events.by-eventId.photos.by-photoId.highlight",
          "patch.events.by-eventId.photos.by-photoId.public-visibility",
          "patch.events.by-eventId.roles.by-userId",
          "post.events.by-eventId.terms.by-documentType.actions.set-current",
          "post.events.by-eventId.terms.by-documentType.versions",
          "post.platform-document-acceptances",
          "put.events.by-eventId.roles.by-userId",
        ],
        "toolName": "administration_upsert",
      },
    ],
    "byteSize": 13817,
    "toolNames": [
      "events_read",
      "events_upsert",
      "participation_read",
      "participation_upsert",
      "judging_read",
      "judging_upsert",
      "administration_read",
      "administration_upsert",
    ],
  },
  "eventAdmin": {
    "actions": [
      {
        "actions": [
          "get.events",
          "get.events.by-eventId",
          "get.events.by-eventId.published-projects",
          "get.events.participation",
          "get.events.slug.by-slug",
          "get.public.events",
          "get.public.events.by-slug",
          "get.public.events.by-slug.published-projects",
        ],
        "toolName": "events_read",
      },
      {
        "actions": [
          "patch.events.by-eventId",
          "post.events.by-eventId.actions.complete",
          "post.events.by-eventId.actions.hide",
          "post.events.by-eventId.actions.open-registration",
          "post.events.by-eventId.actions.start-blind-review",
          "post.events.by-eventId.actions.unhide",
        ],
        "toolName": "events_upsert",
      },
      {
        "actions": [
          "get.account.events",
          "get.account.events.by-slug.certificates",
          "get.account.events.by-slug.entry",
          "get.account.events.by-slug.feedback",
          "get.account.events.by-slug.gallery",
          "get.account.events.by-slug.operations",
          "get.account.events.by-slug.participants",
          "get.account.events.by-slug.prizes",
          "get.account.events.by-slug.rosters",
          "get.account.events.by-slug.settings",
          "get.account.events.by-slug.submissions",
          "get.account.events.by-slug.teams",
          "get.account.events.by-slug.workspace",
          "get.account.overview",
          "get.account.staff-workspace",
          "get.events.by-eventId.admin.credits",
          "get.events.by-eventId.applications",
          "get.events.by-eventId.applications.me",
          "get.events.by-eventId.credits",
          "get.events.by-eventId.feedback",
          "get.events.by-eventId.no-submission-teams",
          "get.events.by-eventId.prize-redemptions",
          "get.events.by-eventId.prizes",
          "get.events.by-eventId.simplified-claiming",
          "get.events.by-eventId.submissions.summary",
          "get.events.by-eventId.talk-proposals",
          "get.events.by-eventId.talk-proposals.by-proposalId",
          "get.events.by-eventId.talk-proposals.me",
          "get.events.by-eventId.teams",
          "get.events.by-eventId.teams.by-teamId",
          "get.events.by-eventId.teams.by-teamId.join-requests",
          "get.events.by-eventId.teams.by-teamId.submission",
          "get.events.by-eventId.teams.submission-monitor",
          "get.events.slug.by-slug.simplified-claim",
          "get.prize-redemptions.me",
          "get.prize-redemptions.workspace",
          "get.public.events.by-slug.participants.by-userId.certificate",
          "get.public.events.by-slug.prizes",
        ],
        "toolName": "participation_read",
      },
      {
        "actions": [
          "delete.events.by-eventId.credits.by-creditId",
          "delete.events.by-eventId.prizes.by-prizeId",
          "patch.account",
          "patch.events.by-eventId.credits.by-creditId",
          "patch.events.by-eventId.prizes.by-prizeId",
          "patch.events.by-eventId.simplified-claiming.rewards.by-creditId",
          "patch.events.by-eventId.talk-proposals.me",
          "patch.events.by-eventId.teams.by-teamId",
          "patch.events.by-eventId.teams.by-teamId.join-policy",
          "patch.events.by-eventId.teams.by-teamId.submission",
          "patch.events.by-eventId.teams.by-teamId.submission.public-visibility",
          "post.events.by-eventId.actions.open-submission",
          "post.events.by-eventId.applications",
          "post.events.by-eventId.applications.actions.apply-staged-decisions",
          "post.events.by-eventId.applications.by-applicationId.actions.approve",
          "post.events.by-eventId.applications.by-applicationId.actions.override-check-in",
          "post.events.by-eventId.applications.by-applicationId.actions.reject",
          "post.events.by-eventId.applications.by-applicationId.actions.set-certificate-revocation",
          "post.events.by-eventId.applications.by-applicationId.actions.undo-withdrawal",
          "post.events.by-eventId.applications.by-applicationId.actions.withdraw",
          "post.events.by-eventId.applications.me.actions.select-track",
          "post.events.by-eventId.applications.me.actions.set-certificate-visibility",
          "post.events.by-eventId.applications.me.actions.verify-luma-email",
          "post.events.by-eventId.applications.me.actions.withdraw",
          "post.events.by-eventId.credits",
          "post.events.by-eventId.credits.by-creditId.actions.claim",
          "post.events.by-eventId.prizes",
          "post.events.by-eventId.talk-proposals.by-proposalId.actions.accept",
          "post.events.by-eventId.talk-proposals.by-proposalId.actions.reject",
          "post.events.by-eventId.talk-proposals.me",
          "post.events.by-eventId.talk-proposals.me.actions.revise",
          "post.events.by-eventId.talk-proposals.me.actions.submit",
          "post.events.by-eventId.talk-proposals.me.actions.withdraw",
          "post.events.by-eventId.team-join-requests",
          "post.events.by-eventId.team-join-requests.by-requestId.actions.approve",
          "post.events.by-eventId.team-join-requests.by-requestId.actions.cancel",
          "post.events.by-eventId.team-join-requests.by-requestId.actions.reject",
          "post.events.by-eventId.teams",
          "post.events.by-eventId.teams.by-teamId.actions.leave",
          "post.events.by-eventId.teams.by-teamId.members.by-userId.actions.make-admin",
          "post.events.by-eventId.teams.by-teamId.members.by-userId.actions.remove",
          "post.events.by-eventId.teams.by-teamId.submission",
          "post.events.by-eventId.teams.by-teamId.submission.actions.admin-withdraw",
          "post.events.by-eventId.teams.by-teamId.submission.actions.disqualify",
          "post.events.by-eventId.teams.by-teamId.submission.actions.submit",
          "post.events.by-eventId.teams.by-teamId.submission.actions.withdraw",
          "post.events.slug.by-slug.simplified-claim.actions.redeem",
          "post.prize-redemptions.by-redemptionId.actions.redeem",
        ],
        "toolName": "participation_upsert",
      },
      {
        "actions": [
          "get.account.events.by-slug.judging",
          "get.events.by-eventId.evaluation-criteria",
          "get.events.by-eventId.final-deliberation",
          "get.events.by-eventId.judges",
          "get.events.by-eventId.judging.assignments",
          "get.events.by-eventId.judging.summary",
          "get.events.by-eventId.leaderboard",
          "get.events.by-eventId.rank.me",
          "get.events.by-eventId.shortlist",
          "get.events.by-eventId.winners",
          "get.public.events.by-slug.evaluation-criteria",
          "get.public.events.by-slug.winners",
        ],
        "toolName": "judging_read",
      },
      {
        "actions": [
          "delete.events.by-eventId.evaluation-criteria.by-criterionId",
          "patch.events.by-eventId.evaluation-criteria.by-criterionId",
          "post.events.by-eventId.actions.advance-pitch-presentation",
          "post.events.by-eventId.actions.announce-winners",
          "post.events.by-eventId.actions.start-final-deliberation",
          "post.events.by-eventId.actions.start-judging-preparation",
          "post.events.by-eventId.actions.start-pitch",
          "post.events.by-eventId.actions.start-pitch-review",
          "post.events.by-eventId.actions.start-shortlist",
          "post.events.by-eventId.evaluation-criteria",
          "post.events.by-eventId.final-deliberation.actions.reorder",
          "post.events.by-eventId.judging.assignments.by-assignmentId.actions.force-skip",
          "post.events.by-eventId.judging.assignments.by-assignmentId.actions.reassign",
          "post.events.by-eventId.judging.assignments.by-assignmentId.actions.revert-ineligibility",
          "post.events.by-eventId.shortlist.actions.select-finalists",
        ],
        "toolName": "judging_upsert",
      },
      {
        "actions": [
          "get.events.by-eventId.audit",
          "get.events.by-eventId.photos",
          "get.events.by-eventId.roles",
          "get.events.by-eventId.roles.candidates",
          "get.events.by-eventId.staff",
          "get.events.by-eventId.terms.by-documentType.versions",
          "get.events.by-eventId.terms.current",
          "get.platform-documents.by-documentType.versions",
          "get.platform-documents.current",
          "get.platform-legal-settings.current",
          "get.platform-settings.current",
          "get.public.events.by-slug.photos",
        ],
        "toolName": "administration_read",
      },
      {
        "actions": [
          "delete.events.by-eventId.photos.by-photoId",
          "delete.events.by-eventId.roles.by-userId",
          "patch.events.by-eventId.photos.by-photoId.highlight",
          "patch.events.by-eventId.photos.by-photoId.public-visibility",
          "patch.events.by-eventId.roles.by-userId",
          "post.events.by-eventId.terms.by-documentType.actions.set-current",
          "post.events.by-eventId.terms.by-documentType.versions",
          "post.platform-document-acceptances",
          "put.events.by-eventId.roles.by-userId",
        ],
        "toolName": "administration_upsert",
      },
    ],
    "byteSize": 13141,
    "toolNames": [
      "events_read",
      "events_upsert",
      "participation_read",
      "participation_upsert",
      "judging_read",
      "judging_upsert",
      "administration_read",
      "administration_upsert",
    ],
  },
  "judge": {
    "actions": [
      {
        "actions": [
          "get.events",
          "get.events.by-eventId",
          "get.events.by-eventId.published-projects",
          "get.events.participation",
          "get.events.slug.by-slug",
          "get.public.events",
          "get.public.events.by-slug",
          "get.public.events.by-slug.published-projects",
        ],
        "toolName": "events_read",
      },
      {
        "actions": [
          "get.account.events",
          "get.account.events.by-slug.entry",
          "get.account.events.by-slug.feedback",
          "get.account.events.by-slug.gallery",
          "get.account.events.by-slug.prizes",
          "get.account.events.by-slug.rosters",
          "get.account.events.by-slug.teams",
          "get.account.events.by-slug.workspace",
          "get.account.overview",
          "get.account.staff-workspace",
          "get.events.by-eventId.applications.me",
          "get.events.by-eventId.credits",
          "get.events.by-eventId.feedback",
          "get.events.by-eventId.prizes",
          "get.events.by-eventId.talk-proposals.me",
          "get.events.by-eventId.teams",
          "get.events.by-eventId.teams.by-teamId",
          "get.events.by-eventId.teams.by-teamId.join-requests",
          "get.events.by-eventId.teams.by-teamId.submission",
          "get.events.slug.by-slug.simplified-claim",
          "get.prize-redemptions.me",
          "get.prize-redemptions.workspace",
          "get.public.events.by-slug.participants.by-userId.certificate",
          "get.public.events.by-slug.prizes",
        ],
        "toolName": "participation_read",
      },
      {
        "actions": [
          "patch.account",
          "patch.events.by-eventId.talk-proposals.me",
          "patch.events.by-eventId.teams.by-teamId",
          "patch.events.by-eventId.teams.by-teamId.join-policy",
          "patch.events.by-eventId.teams.by-teamId.submission",
          "patch.events.by-eventId.teams.by-teamId.submission.public-visibility",
          "post.events.by-eventId.applications",
          "post.events.by-eventId.applications.me.actions.select-track",
          "post.events.by-eventId.applications.me.actions.set-certificate-visibility",
          "post.events.by-eventId.applications.me.actions.verify-luma-email",
          "post.events.by-eventId.applications.me.actions.withdraw",
          "post.events.by-eventId.credits.by-creditId.actions.claim",
          "post.events.by-eventId.talk-proposals.me",
          "post.events.by-eventId.talk-proposals.me.actions.revise",
          "post.events.by-eventId.talk-proposals.me.actions.submit",
          "post.events.by-eventId.talk-proposals.me.actions.withdraw",
          "post.events.by-eventId.team-join-requests",
          "post.events.by-eventId.team-join-requests.by-requestId.actions.approve",
          "post.events.by-eventId.team-join-requests.by-requestId.actions.cancel",
          "post.events.by-eventId.team-join-requests.by-requestId.actions.reject",
          "post.events.by-eventId.teams",
          "post.events.by-eventId.teams.by-teamId.actions.leave",
          "post.events.by-eventId.teams.by-teamId.members.by-userId.actions.make-admin",
          "post.events.by-eventId.teams.by-teamId.members.by-userId.actions.remove",
          "post.events.by-eventId.teams.by-teamId.submission",
          "post.events.by-eventId.teams.by-teamId.submission.actions.submit",
          "post.events.by-eventId.teams.by-teamId.submission.actions.withdraw",
          "post.events.slug.by-slug.simplified-claim.actions.redeem",
          "post.prize-redemptions.by-redemptionId.actions.redeem",
        ],
        "toolName": "participation_upsert",
      },
      {
        "actions": [
          "get.account.events.by-slug.judging",
          "get.account.events.by-slug.judging.assignments.by-assignmentId",
          "get.account.judging",
          "get.events.by-eventId.evaluation-criteria",
          "get.events.by-eventId.final-deliberation",
          "get.events.by-eventId.judges",
          "get.events.by-eventId.judging.assignments",
          "get.events.by-eventId.judging.assignments.by-assignmentId",
          "get.events.by-eventId.leaderboard",
          "get.events.by-eventId.rank.me",
          "get.events.by-eventId.shortlist",
          "get.events.by-eventId.winners",
          "get.public.events.by-slug.evaluation-criteria",
          "get.public.events.by-slug.winners",
        ],
        "toolName": "judging_read",
      },
      {
        "actions": [
          "patch.events.by-eventId.judging.assignments.by-assignmentId",
          "post.events.by-eventId.judging.assignments.by-assignmentId.actions.complete",
          "post.events.by-eventId.judging.assignments.by-assignmentId.actions.mark-ineligible",
          "post.events.by-eventId.judging.assignments.by-assignmentId.actions.skip",
          "post.events.by-eventId.judging.assignments.by-assignmentId.actions.start",
        ],
        "toolName": "judging_upsert",
      },
      {
        "actions": [
          "get.events.by-eventId.photos",
          "get.events.by-eventId.staff",
          "get.events.by-eventId.terms.current",
          "get.platform-documents.by-documentType.versions",
          "get.platform-documents.current",
          "get.platform-legal-settings.current",
          "get.platform-settings.current",
          "get.public.events.by-slug.photos",
        ],
        "toolName": "administration_read",
      },
      {
        "actions": [
          "delete.events.by-eventId.photos.by-photoId",
          "patch.events.by-eventId.photos.by-photoId.highlight",
          "patch.events.by-eventId.photos.by-photoId.public-visibility",
          "post.platform-document-acceptances",
        ],
        "toolName": "administration_upsert",
      },
    ],
    "byteSize": 9548,
    "toolNames": [
      "events_read",
      "participation_read",
      "participation_upsert",
      "judging_read",
      "judging_upsert",
      "administration_read",
      "administration_upsert",
    ],
  },
  "organizer": {
    "actions": [
      {
        "actions": [
          "get.events",
          "get.events.builder.catalog",
          "get.events.by-eventId",
          "get.events.by-eventId.published-projects",
          "get.events.participation",
          "get.events.slug.by-slug",
          "get.public.events",
          "get.public.events.by-slug",
          "get.public.events.by-slug.published-projects",
          "post.events.builder.analyze",
        ],
        "toolName": "events_read",
      },
      {
        "actions": [
          "post.events",
        ],
        "toolName": "events_upsert",
      },
      {
        "actions": [
          "get.account.events",
          "get.account.events.by-slug.entry",
          "get.account.events.by-slug.gallery",
          "get.account.events.by-slug.prizes",
          "get.account.events.by-slug.rosters",
          "get.account.events.by-slug.teams",
          "get.account.events.by-slug.workspace",
          "get.account.overview",
          "get.account.staff-workspace",
          "get.events.by-eventId.applications.me",
          "get.events.by-eventId.credits",
          "get.events.by-eventId.prizes",
          "get.events.by-eventId.talk-proposals.me",
          "get.events.by-eventId.teams",
          "get.events.by-eventId.teams.by-teamId",
          "get.events.by-eventId.teams.by-teamId.join-requests",
          "get.events.by-eventId.teams.by-teamId.submission",
          "get.events.slug.by-slug.simplified-claim",
          "get.prize-redemptions.me",
          "get.prize-redemptions.workspace",
          "get.public.events.by-slug.participants.by-userId.certificate",
          "get.public.events.by-slug.prizes",
        ],
        "toolName": "participation_read",
      },
      {
        "actions": [
          "patch.account",
          "patch.events.by-eventId.talk-proposals.me",
          "patch.events.by-eventId.teams.by-teamId",
          "patch.events.by-eventId.teams.by-teamId.join-policy",
          "patch.events.by-eventId.teams.by-teamId.submission",
          "patch.events.by-eventId.teams.by-teamId.submission.public-visibility",
          "post.events.by-eventId.applications",
          "post.events.by-eventId.applications.me.actions.select-track",
          "post.events.by-eventId.applications.me.actions.set-certificate-visibility",
          "post.events.by-eventId.applications.me.actions.verify-luma-email",
          "post.events.by-eventId.applications.me.actions.withdraw",
          "post.events.by-eventId.credits.by-creditId.actions.claim",
          "post.events.by-eventId.talk-proposals.me",
          "post.events.by-eventId.talk-proposals.me.actions.revise",
          "post.events.by-eventId.talk-proposals.me.actions.submit",
          "post.events.by-eventId.talk-proposals.me.actions.withdraw",
          "post.events.by-eventId.team-join-requests",
          "post.events.by-eventId.team-join-requests.by-requestId.actions.approve",
          "post.events.by-eventId.team-join-requests.by-requestId.actions.cancel",
          "post.events.by-eventId.team-join-requests.by-requestId.actions.reject",
          "post.events.by-eventId.teams",
          "post.events.by-eventId.teams.by-teamId.actions.leave",
          "post.events.by-eventId.teams.by-teamId.members.by-userId.actions.make-admin",
          "post.events.by-eventId.teams.by-teamId.members.by-userId.actions.remove",
          "post.events.by-eventId.teams.by-teamId.submission",
          "post.events.by-eventId.teams.by-teamId.submission.actions.submit",
          "post.events.by-eventId.teams.by-teamId.submission.actions.withdraw",
          "post.events.slug.by-slug.simplified-claim.actions.redeem",
          "post.prize-redemptions.by-redemptionId.actions.redeem",
        ],
        "toolName": "participation_upsert",
      },
      {
        "actions": [
          "get.events.by-eventId.evaluation-criteria",
          "get.events.by-eventId.judges",
          "get.events.by-eventId.rank.me",
          "get.events.by-eventId.winners",
          "get.public.events.by-slug.evaluation-criteria",
          "get.public.events.by-slug.winners",
        ],
        "toolName": "judging_read",
      },
      {
        "actions": [
          "get.events.by-eventId.photos",
          "get.events.by-eventId.staff",
          "get.events.by-eventId.terms.current",
          "get.platform-documents.by-documentType.versions",
          "get.platform-documents.current",
          "get.platform-legal-settings.current",
          "get.platform-settings.current",
          "get.public.events.by-slug.photos",
        ],
        "toolName": "administration_read",
      },
      {
        "actions": [
          "post.platform-document-acceptances",
        ],
        "toolName": "administration_upsert",
      },
    ],
    "byteSize": 8749,
    "toolNames": [
      "events_read",
      "events_upsert",
      "participation_read",
      "participation_upsert",
      "judging_read",
      "administration_read",
      "administration_upsert",
    ],
  },
  "participant": {
    "actions": [
      {
        "actions": [
          "get.events",
          "get.events.by-eventId",
          "get.events.by-eventId.published-projects",
          "get.events.participation",
          "get.events.slug.by-slug",
          "get.public.events",
          "get.public.events.by-slug",
          "get.public.events.by-slug.published-projects",
        ],
        "toolName": "events_read",
      },
      {
        "actions": [
          "get.account.events",
          "get.account.events.by-slug.entry",
          "get.account.events.by-slug.gallery",
          "get.account.events.by-slug.prizes",
          "get.account.events.by-slug.rosters",
          "get.account.events.by-slug.teams",
          "get.account.events.by-slug.workspace",
          "get.account.overview",
          "get.account.staff-workspace",
          "get.events.by-eventId.applications.me",
          "get.events.by-eventId.credits",
          "get.events.by-eventId.prizes",
          "get.events.by-eventId.talk-proposals.me",
          "get.events.by-eventId.teams",
          "get.events.by-eventId.teams.by-teamId",
          "get.events.by-eventId.teams.by-teamId.join-requests",
          "get.events.by-eventId.teams.by-teamId.submission",
          "get.events.slug.by-slug.simplified-claim",
          "get.prize-redemptions.me",
          "get.prize-redemptions.workspace",
          "get.public.events.by-slug.participants.by-userId.certificate",
          "get.public.events.by-slug.prizes",
        ],
        "toolName": "participation_read",
      },
      {
        "actions": [
          "patch.account",
          "patch.events.by-eventId.talk-proposals.me",
          "patch.events.by-eventId.teams.by-teamId",
          "patch.events.by-eventId.teams.by-teamId.join-policy",
          "patch.events.by-eventId.teams.by-teamId.submission",
          "patch.events.by-eventId.teams.by-teamId.submission.public-visibility",
          "post.events.by-eventId.applications",
          "post.events.by-eventId.applications.me.actions.select-track",
          "post.events.by-eventId.applications.me.actions.set-certificate-visibility",
          "post.events.by-eventId.applications.me.actions.verify-luma-email",
          "post.events.by-eventId.applications.me.actions.withdraw",
          "post.events.by-eventId.credits.by-creditId.actions.claim",
          "post.events.by-eventId.talk-proposals.me",
          "post.events.by-eventId.talk-proposals.me.actions.revise",
          "post.events.by-eventId.talk-proposals.me.actions.submit",
          "post.events.by-eventId.talk-proposals.me.actions.withdraw",
          "post.events.by-eventId.team-join-requests",
          "post.events.by-eventId.team-join-requests.by-requestId.actions.approve",
          "post.events.by-eventId.team-join-requests.by-requestId.actions.cancel",
          "post.events.by-eventId.team-join-requests.by-requestId.actions.reject",
          "post.events.by-eventId.teams",
          "post.events.by-eventId.teams.by-teamId.actions.leave",
          "post.events.by-eventId.teams.by-teamId.members.by-userId.actions.make-admin",
          "post.events.by-eventId.teams.by-teamId.members.by-userId.actions.remove",
          "post.events.by-eventId.teams.by-teamId.submission",
          "post.events.by-eventId.teams.by-teamId.submission.actions.submit",
          "post.events.by-eventId.teams.by-teamId.submission.actions.withdraw",
          "post.events.slug.by-slug.simplified-claim.actions.redeem",
          "post.prize-redemptions.by-redemptionId.actions.redeem",
        ],
        "toolName": "participation_upsert",
      },
      {
        "actions": [
          "get.events.by-eventId.evaluation-criteria",
          "get.events.by-eventId.judges",
          "get.events.by-eventId.rank.me",
          "get.events.by-eventId.winners",
          "get.public.events.by-slug.evaluation-criteria",
          "get.public.events.by-slug.winners",
        ],
        "toolName": "judging_read",
      },
      {
        "actions": [
          "get.events.by-eventId.photos",
          "get.events.by-eventId.staff",
          "get.events.by-eventId.terms.current",
          "get.platform-documents.by-documentType.versions",
          "get.platform-documents.current",
          "get.platform-legal-settings.current",
          "get.platform-settings.current",
          "get.public.events.by-slug.photos",
        ],
        "toolName": "administration_read",
      },
      {
        "actions": [
          "post.platform-document-acceptances",
        ],
        "toolName": "administration_upsert",
      },
    ],
    "byteSize": 7852,
    "toolNames": [
      "events_read",
      "participation_read",
      "participation_upsert",
      "judging_read",
      "administration_read",
      "administration_upsert",
    ],
  },
  "platformAdmin": {
    "actions": [
      {
        "actions": [
          "get.events",
          "get.events.builder.catalog",
          "get.events.by-eventId",
          "get.events.by-eventId.published-projects",
          "get.events.participation",
          "get.events.slug.by-slug",
          "get.public.events",
          "get.public.events.by-slug",
          "get.public.events.by-slug.published-projects",
          "post.events.builder.analyze",
        ],
        "toolName": "events_read",
      },
      {
        "actions": [
          "patch.events.by-eventId",
          "post.events",
          "post.events.by-eventId.actions.complete",
          "post.events.by-eventId.actions.hide",
          "post.events.by-eventId.actions.open-registration",
          "post.events.by-eventId.actions.start-blind-review",
          "post.events.by-eventId.actions.unhide",
        ],
        "toolName": "events_upsert",
      },
      {
        "actions": [
          "get.account.events",
          "get.account.events.by-slug.certificates",
          "get.account.events.by-slug.entry",
          "get.account.events.by-slug.feedback",
          "get.account.events.by-slug.gallery",
          "get.account.events.by-slug.operations",
          "get.account.events.by-slug.participants",
          "get.account.events.by-slug.prizes",
          "get.account.events.by-slug.rosters",
          "get.account.events.by-slug.settings",
          "get.account.events.by-slug.submissions",
          "get.account.events.by-slug.teams",
          "get.account.events.by-slug.workspace",
          "get.account.overview",
          "get.account.staff-workspace",
          "get.events.by-eventId.admin.credits",
          "get.events.by-eventId.applications",
          "get.events.by-eventId.applications.me",
          "get.events.by-eventId.credits",
          "get.events.by-eventId.feedback",
          "get.events.by-eventId.no-submission-teams",
          "get.events.by-eventId.prize-redemptions",
          "get.events.by-eventId.prizes",
          "get.events.by-eventId.simplified-claiming",
          "get.events.by-eventId.submissions.summary",
          "get.events.by-eventId.talk-proposals",
          "get.events.by-eventId.talk-proposals.by-proposalId",
          "get.events.by-eventId.talk-proposals.me",
          "get.events.by-eventId.teams",
          "get.events.by-eventId.teams.by-teamId",
          "get.events.by-eventId.teams.by-teamId.join-requests",
          "get.events.by-eventId.teams.by-teamId.submission",
          "get.events.by-eventId.teams.submission-monitor",
          "get.events.slug.by-slug.simplified-claim",
          "get.prize-redemptions.me",
          "get.prize-redemptions.workspace",
          "get.public.events.by-slug.participants.by-userId.certificate",
          "get.public.events.by-slug.prizes",
        ],
        "toolName": "participation_read",
      },
      {
        "actions": [
          "delete.events.by-eventId.credits.by-creditId",
          "delete.events.by-eventId.prizes.by-prizeId",
          "patch.account",
          "patch.events.by-eventId.credits.by-creditId",
          "patch.events.by-eventId.prizes.by-prizeId",
          "patch.events.by-eventId.simplified-claiming.rewards.by-creditId",
          "patch.events.by-eventId.talk-proposals.me",
          "patch.events.by-eventId.teams.by-teamId",
          "patch.events.by-eventId.teams.by-teamId.join-policy",
          "patch.events.by-eventId.teams.by-teamId.submission",
          "patch.events.by-eventId.teams.by-teamId.submission.public-visibility",
          "post.events.by-eventId.actions.open-submission",
          "post.events.by-eventId.applications",
          "post.events.by-eventId.applications.actions.apply-staged-decisions",
          "post.events.by-eventId.applications.by-applicationId.actions.approve",
          "post.events.by-eventId.applications.by-applicationId.actions.override-check-in",
          "post.events.by-eventId.applications.by-applicationId.actions.reject",
          "post.events.by-eventId.applications.by-applicationId.actions.set-certificate-revocation",
          "post.events.by-eventId.applications.by-applicationId.actions.undo-withdrawal",
          "post.events.by-eventId.applications.by-applicationId.actions.withdraw",
          "post.events.by-eventId.applications.me.actions.select-track",
          "post.events.by-eventId.applications.me.actions.set-certificate-visibility",
          "post.events.by-eventId.applications.me.actions.verify-luma-email",
          "post.events.by-eventId.applications.me.actions.withdraw",
          "post.events.by-eventId.credits",
          "post.events.by-eventId.credits.by-creditId.actions.claim",
          "post.events.by-eventId.prizes",
          "post.events.by-eventId.talk-proposals.by-proposalId.actions.accept",
          "post.events.by-eventId.talk-proposals.by-proposalId.actions.reject",
          "post.events.by-eventId.talk-proposals.me",
          "post.events.by-eventId.talk-proposals.me.actions.revise",
          "post.events.by-eventId.talk-proposals.me.actions.submit",
          "post.events.by-eventId.talk-proposals.me.actions.withdraw",
          "post.events.by-eventId.team-join-requests",
          "post.events.by-eventId.team-join-requests.by-requestId.actions.approve",
          "post.events.by-eventId.team-join-requests.by-requestId.actions.cancel",
          "post.events.by-eventId.team-join-requests.by-requestId.actions.reject",
          "post.events.by-eventId.teams",
          "post.events.by-eventId.teams.by-teamId.actions.leave",
          "post.events.by-eventId.teams.by-teamId.members.by-userId.actions.make-admin",
          "post.events.by-eventId.teams.by-teamId.members.by-userId.actions.remove",
          "post.events.by-eventId.teams.by-teamId.submission",
          "post.events.by-eventId.teams.by-teamId.submission.actions.admin-withdraw",
          "post.events.by-eventId.teams.by-teamId.submission.actions.disqualify",
          "post.events.by-eventId.teams.by-teamId.submission.actions.submit",
          "post.events.by-eventId.teams.by-teamId.submission.actions.withdraw",
          "post.events.slug.by-slug.simplified-claim.actions.redeem",
          "post.prize-redemptions.by-redemptionId.actions.redeem",
        ],
        "toolName": "participation_upsert",
      },
      {
        "actions": [
          "get.account.events.by-slug.judging",
          "get.account.events.by-slug.judging.assignments.by-assignmentId",
          "get.account.judging",
          "get.events.by-eventId.evaluation-criteria",
          "get.events.by-eventId.final-deliberation",
          "get.events.by-eventId.judges",
          "get.events.by-eventId.judging.assignments",
          "get.events.by-eventId.judging.assignments.by-assignmentId",
          "get.events.by-eventId.judging.summary",
          "get.events.by-eventId.leaderboard",
          "get.events.by-eventId.rank.me",
          "get.events.by-eventId.shortlist",
          "get.events.by-eventId.winners",
          "get.public.events.by-slug.evaluation-criteria",
          "get.public.events.by-slug.winners",
        ],
        "toolName": "judging_read",
      },
      {
        "actions": [
          "delete.events.by-eventId.evaluation-criteria.by-criterionId",
          "patch.events.by-eventId.evaluation-criteria.by-criterionId",
          "patch.events.by-eventId.judging.assignments.by-assignmentId",
          "post.events.by-eventId.actions.advance-pitch-presentation",
          "post.events.by-eventId.actions.announce-winners",
          "post.events.by-eventId.actions.start-final-deliberation",
          "post.events.by-eventId.actions.start-judging-preparation",
          "post.events.by-eventId.actions.start-pitch",
          "post.events.by-eventId.actions.start-pitch-review",
          "post.events.by-eventId.actions.start-shortlist",
          "post.events.by-eventId.evaluation-criteria",
          "post.events.by-eventId.final-deliberation.actions.reorder",
          "post.events.by-eventId.judging.assignments.by-assignmentId.actions.complete",
          "post.events.by-eventId.judging.assignments.by-assignmentId.actions.force-skip",
          "post.events.by-eventId.judging.assignments.by-assignmentId.actions.mark-ineligible",
          "post.events.by-eventId.judging.assignments.by-assignmentId.actions.reassign",
          "post.events.by-eventId.judging.assignments.by-assignmentId.actions.revert-ineligibility",
          "post.events.by-eventId.judging.assignments.by-assignmentId.actions.skip",
          "post.events.by-eventId.judging.assignments.by-assignmentId.actions.start",
          "post.events.by-eventId.shortlist.actions.select-finalists",
        ],
        "toolName": "judging_upsert",
      },
      {
        "actions": [
          "get.audit",
          "get.event-organizers",
          "get.event-organizers.candidates",
          "get.events.by-eventId.audit",
          "get.events.by-eventId.photos",
          "get.events.by-eventId.roles",
          "get.events.by-eventId.roles.candidates",
          "get.events.by-eventId.staff",
          "get.events.by-eventId.terms.by-documentType.versions",
          "get.events.by-eventId.terms.current",
          "get.platform-admins",
          "get.platform-admins.candidates",
          "get.platform-documents.by-documentType.versions",
          "get.platform-documents.current",
          "get.platform-legal-settings.current",
          "get.platform-settings.current",
          "get.public.events.by-slug.photos",
        ],
        "toolName": "administration_read",
      },
      {
        "actions": [
          "delete.event-organizers.by-userId",
          "delete.events.by-eventId.photos.by-photoId",
          "delete.events.by-eventId.roles.by-userId",
          "delete.platform-admins.by-userId",
          "patch.events.by-eventId.photos.by-photoId.highlight",
          "patch.events.by-eventId.photos.by-photoId.public-visibility",
          "patch.events.by-eventId.roles.by-userId",
          "patch.platform-legal-settings.current",
          "post.events.by-eventId.terms.by-documentType.actions.set-current",
          "post.events.by-eventId.terms.by-documentType.versions",
          "post.platform-document-acceptances",
          "post.platform-documents.by-documentType.versions",
          "put.event-organizers.by-userId",
          "put.events.by-eventId.roles.by-userId",
          "put.platform-admins.by-userId",
        ],
        "toolName": "administration_upsert",
      },
    ],
    "byteSize": 14168,
    "toolNames": [
      "events_read",
      "events_upsert",
      "participation_read",
      "participation_upsert",
      "judging_read",
      "judging_upsert",
      "administration_read",
      "administration_upsert",
    ],
  },
  "staff": {
    "actions": [
      {
        "actions": [
          "get.events",
          "get.events.by-eventId",
          "get.events.by-eventId.published-projects",
          "get.events.participation",
          "get.events.slug.by-slug",
          "get.public.events",
          "get.public.events.by-slug",
          "get.public.events.by-slug.published-projects",
        ],
        "toolName": "events_read",
      },
      {
        "actions": [
          "get.account.events",
          "get.account.events.by-slug.entry",
          "get.account.events.by-slug.feedback",
          "get.account.events.by-slug.gallery",
          "get.account.events.by-slug.participants",
          "get.account.events.by-slug.prizes",
          "get.account.events.by-slug.rosters",
          "get.account.events.by-slug.teams",
          "get.account.events.by-slug.workspace",
          "get.account.overview",
          "get.account.staff-workspace",
          "get.events.by-eventId.applications",
          "get.events.by-eventId.applications.me",
          "get.events.by-eventId.credits",
          "get.events.by-eventId.feedback",
          "get.events.by-eventId.prizes",
          "get.events.by-eventId.talk-proposals",
          "get.events.by-eventId.talk-proposals.by-proposalId",
          "get.events.by-eventId.talk-proposals.me",
          "get.events.by-eventId.teams",
          "get.events.by-eventId.teams.by-teamId",
          "get.events.by-eventId.teams.by-teamId.join-requests",
          "get.events.by-eventId.teams.by-teamId.submission",
          "get.events.slug.by-slug.simplified-claim",
          "get.prize-redemptions.me",
          "get.prize-redemptions.workspace",
          "get.public.events.by-slug.participants.by-userId.certificate",
          "get.public.events.by-slug.prizes",
        ],
        "toolName": "participation_read",
      },
      {
        "actions": [
          "patch.account",
          "patch.events.by-eventId.talk-proposals.me",
          "patch.events.by-eventId.teams.by-teamId",
          "patch.events.by-eventId.teams.by-teamId.join-policy",
          "patch.events.by-eventId.teams.by-teamId.submission",
          "patch.events.by-eventId.teams.by-teamId.submission.public-visibility",
          "post.events.by-eventId.applications",
          "post.events.by-eventId.applications.me.actions.select-track",
          "post.events.by-eventId.applications.me.actions.set-certificate-visibility",
          "post.events.by-eventId.applications.me.actions.verify-luma-email",
          "post.events.by-eventId.applications.me.actions.withdraw",
          "post.events.by-eventId.credits.by-creditId.actions.claim",
          "post.events.by-eventId.talk-proposals.me",
          "post.events.by-eventId.talk-proposals.me.actions.revise",
          "post.events.by-eventId.talk-proposals.me.actions.submit",
          "post.events.by-eventId.talk-proposals.me.actions.withdraw",
          "post.events.by-eventId.team-join-requests",
          "post.events.by-eventId.team-join-requests.by-requestId.actions.approve",
          "post.events.by-eventId.team-join-requests.by-requestId.actions.cancel",
          "post.events.by-eventId.team-join-requests.by-requestId.actions.reject",
          "post.events.by-eventId.teams",
          "post.events.by-eventId.teams.by-teamId.actions.leave",
          "post.events.by-eventId.teams.by-teamId.members.by-userId.actions.make-admin",
          "post.events.by-eventId.teams.by-teamId.members.by-userId.actions.remove",
          "post.events.by-eventId.teams.by-teamId.submission",
          "post.events.by-eventId.teams.by-teamId.submission.actions.submit",
          "post.events.by-eventId.teams.by-teamId.submission.actions.withdraw",
          "post.events.slug.by-slug.simplified-claim.actions.redeem",
          "post.prize-redemptions.by-redemptionId.actions.redeem",
        ],
        "toolName": "participation_upsert",
      },
      {
        "actions": [
          "get.events.by-eventId.evaluation-criteria",
          "get.events.by-eventId.judges",
          "get.events.by-eventId.rank.me",
          "get.events.by-eventId.winners",
          "get.public.events.by-slug.evaluation-criteria",
          "get.public.events.by-slug.winners",
        ],
        "toolName": "judging_read",
      },
      {
        "actions": [
          "get.events.by-eventId.photos",
          "get.events.by-eventId.staff",
          "get.events.by-eventId.terms.current",
          "get.platform-documents.by-documentType.versions",
          "get.platform-documents.current",
          "get.platform-legal-settings.current",
          "get.platform-settings.current",
          "get.public.events.by-slug.photos",
        ],
        "toolName": "administration_read",
      },
      {
        "actions": [
          "delete.events.by-eventId.photos.by-photoId",
          "patch.events.by-eventId.photos.by-photoId.highlight",
          "patch.events.by-eventId.photos.by-photoId.public-visibility",
          "post.platform-document-acceptances",
        ],
        "toolName": "administration_upsert",
      },
    ],
    "byteSize": 8254,
    "toolNames": [
      "events_read",
      "participation_read",
      "participation_upsert",
      "judging_read",
      "administration_read",
      "administration_upsert",
    ],
  },
}
`;
